
> dynime-backend@0.1.0 build
> nest build

